============================= test session starts ==============================
platform linux -- Python 3.13.3, pytest-9.0.3, pluggy-1.6.0 -- /usr/bin/python3
cachedir: .pytest_cache
hypothesis profile 'default'
rootdir: /home/genius/Workspace/agent-packages/agent-webui
configfile: pytest.ini
plugins: logfire-4.32.1, asyncio-1.3.0, cov-7.1.0, hypothesis-6.152.1, langsmith-0.7.32, anyio-4.13.0, typeguard-4.4.2
asyncio: mode=Mode.STRICT, debug=False, asyncio_default_fixture_loop_scope=None, asyncio_default_test_loop_scope=function
collecting ... Agent WebUI v0.1.33
collected 1 item

agent/agent_webui/__tests__/test_api_extensions.py::TestPipelineEndpoints::test_trigger_pipeline_success Traceback (most recent call last):
  File "/home/genius/Workspace/agent-packages/agent-webui/agent/agent_webui/api_extensions.py", line 1338, in trigger_pipeline
    ctx = PipelineContext(
        config=config,
        nx_graph=engine.graph,
        backend=engine.backend
    )
  File "/home/genius/.local/lib/python3.13/site-packages/pydantic/main.py", line 263, in __init__
    validated_self = self.__pydantic_validator__.validate_python(data, self_instance=self)
pydantic_core._pydantic_core.ValidationError: 2 validation errors for PipelineContext
nx_graph
  Input should be an instance of MultiDiGraph [type=is_instance_of, input_value=<MagicMock name='mock.graph' id='134729649992912'>, input_type=MagicMock]
    For further information visit https://errors.pydantic.dev/2.13/v/is_instance_of
backend
  Input should be an instance of GraphBackend [type=is_instance_of, input_value=<MagicMock name='mock.bac...d' id='134729649992576'>, input_type=MagicMock]
    For further information visit https://errors.pydantic.dev/2.13/v/is_instance_of
02:10:46.904 POST /api/enhanced/pipeline/trigger
FAILED

=================================== FAILURES ===================================
_____________ TestPipelineEndpoints.test_trigger_pipeline_success ______________

self = <test_api_extensions.TestPipelineEndpoints object at 0x7a893104e210>
client = <starlette.testclient.TestClient object at 0x7a8930ed92b0>
mock_pipeline_runner = <MagicMock spec='PipelineRunner' id='134729649987200'>
mock_graph_engine = <MagicMock spec='IntelligenceGraphEngine' id='134729649988544'>
sample_pipeline_phase = {'options': {'force': False}, 'phase': 'memory'}

    def test_trigger_pipeline_success(
        self, client, mock_pipeline_runner, mock_graph_engine, sample_pipeline_phase
    ):
        """Test successful pipeline trigger."""
        with patch(
            'agent_webui.api_extensions.IntelligenceGraphEngine.get_active',
            return_value=mock_graph_engine,
        ):
            with patch(
                'agent_webui.api_extensions.PipelineRunner',
                return_value=mock_pipeline_runner,
            ):
                response = client.post(
                    '/api/enhanced/pipeline/trigger', json=sample_pipeline_phase
                )
>               assert response.status_code == 200
E               assert 500 == 200
E                +  where 500 = <Response [500 Internal Server Error]>.status_code

agent/agent_webui/__tests__/test_api_extensions.py:640: AssertionError
------------------------------ Captured log setup ------------------------------
WARNING  agent_webui.server:server.py:150 Static assets not found at /home/genius/Workspace/agent-packages/agent-webui/agent/agent_webui/dist. Dashboard UI will not be served.
------------------------------ Captured log call -------------------------------
ERROR    agent_webui.api_extensions:api_extensions.py:1326 DEBUG: Entering trigger_pipeline
ERROR    agent_webui.api_extensions:api_extensions.py:1329 DEBUG: engine=<MagicMock spec='IntelligenceGraphEngine' id='134729649988544'>
ERROR    agent_webui.api_extensions:api_extensions.py:1335 DEBUG: Creating config with DEFAULT_AGENT_DIR=workspace
ERROR    agent_webui.api_extensions:api_extensions.py:1337 DEBUG: Creating context
ERROR    agent_webui.api_extensions:api_extensions.py:1352 DEBUG: Pipeline execution failed in inner block: 2 validation errors for PipelineContext
nx_graph
  Input should be an instance of MultiDiGraph [type=is_instance_of, input_value=<MagicMock name='mock.graph' id='134729649992912'>, input_type=MagicMock]
    For further information visit https://errors.pydantic.dev/2.13/v/is_instance_of
backend
  Input should be an instance of GraphBackend [type=is_instance_of, input_value=<MagicMock name='mock.bac...d' id='134729649992576'>, input_type=MagicMock]
    For further information visit https://errors.pydantic.dev/2.13/v/is_instance_of
ERROR    agent_webui.api_extensions:api_extensions.py:1356 DEBUG: Caught HTTPException, re-raising
=============================== warnings summary ===============================
../../../.local/lib/python3.13/site-packages/_pytest/config/__init__.py:858
  /home/genius/.local/lib/python3.13/site-packages/_pytest/config/__init__.py:858: PytestAssertRewriteWarning: Module already imported so cannot be rewritten; _agent_webui_shared_fixtures
    self.import_plugin(import_spec)

-- Docs: https://docs.pytest.org/en/stable/how-to/capture-warnings.html
=========================== short test summary info ============================
FAILED agent/agent_webui/__tests__/test_api_extensions.py::TestPipelineEndpoints::test_trigger_pipeline_success - assert 500 == 200
 +  where 500 = <Response [500 Internal Server Error]>.status_code
========================= 1 failed, 1 warning in 1.06s =========================
